top - 18:42:13 up  2:11,  2 users,  load average: 0.18, 0.22, 0.15
Tasks: 214 total,   1 running, 213 sleeping,   0 stopped,   0 zombie
%Cpu(s):  6.3 us,  2.1 sy,  0.0 ni, 90.9 id,  0.4 wa,  0.0 hi,  0.3 si,  0.0 st
MiB Mem :   3916.0 total,   1824.5 free,    945.3 used,   1146.2 buff/cache
MiB Swap:   2048.0 total,   2048.0 free,      0.0 used.   2600.8 avail Mem

  PID USER      PR  NI    VIRT    RES    SHR S  %CPU %MEM     TIME+ COMMAND
 3198 centos    20   0  422124  45232  18200 R   5.3  1.1   0:02.11 podman
 1123 root      20   0  325400  14200   8200 S   1.0  0.3   0:03.45 NetworkManager

Installed:
  sysstat-12.5.4-3.el9.x86_64
Complete!

Linux 5.14.0-362.el9.x86_64 (mylabhost)  02/22/2026

18:44:01     CPU    %usr   %sys  %idle
18:44:02     all    5.10   1.23  93.45
18:44:02       0    4.12   1.10  94.78
18:44:02       1    6.01   1.32  92.67
18:44:02       2    5.55   1.28  93.17
18:44:02       3    4.75   1.12  94.13

              total        used        free      shared  buff/cache   available
Mem:          3.8Gi       945Mi       1.8Gi        12Mi       1.1Gi       2.5Gi
Swap:         2.0Gi          0B       2.0Gi

PID USER      %MEM COMMAND
3198 centos    1.1 podman
1123 root      0.3 NetworkManager

Filesystem      Size  Used Avail Use% Mounted on
/dev/nvme0n1p1   32G  4.1G   28G  13% /
tmpfs           1.9G     0  1.9G   0% /dev/shm

4.0K    /var/log/anaconda
12M     /var/log/audit
24M     /var/log/journal
1.2M    /var/log/secure

Total DISK READ: 0.00 B/s | Total DISK WRITE: 15.00 K/s
  PID USER    DISK READ DISK WRITE COMMAND
 3290 root     0.00 B/s  15.00 K/s  systemd-journald

Netid State   Recv-Q Send-Q  Local Address:Port  Peer Address:Port
tcp   LISTEN  0      128     0.0.0.0:22          0.0.0.0:*    users:(("sshd",pid=1012))
tcp   LISTEN  0      128     0.0.0.0:8080        0.0.0.0:*    users:(("podman",pid=3198))

Incoming: 2.12 kBit/s
Outgoing: 1.45 kBit/s
Device: ens5

USER   PID  %CPU %MEM COMMAND
centos 3198  5.3  1.1  podman
root   1123  1.0  0.3  NetworkManager

USER   PID  %CPU %MEM COMMAND
centos 3198  5.3  1.1  podman

CONTAINER ID  NAME        CPU %  MEM USAGE / LIMIT   NET IO        BLOCK IO
3ab12c45d89f  web_app     4.52%  32MiB / 512MiB      1.2MB/980KB   3MB/1MB

Feb 22 17:02:11 mylabhost sshd[1012]: error: PAM authentication failure
Feb 22 17:10:44 mylabhost kernel: warning: CPU throttling detected

stress-ng: info:  [4021] dispatching hogs: 4 cpu, 2 vm
stress-ng: info:  [4021] successful run completed in 30.01s

18:58:21 up  2:26,  2 users,  load average: 0.21, 0.19, 0.16
