============================================================
Lab 24 – Brace Expansion and Globbing
Environment: Ubuntu 24.04.1 LTS (Cloud Lab Environment)
User: toor
Bash Version: 5.2
Host: ip-172-31-10-219
============================================================


------------------------------------------------------------
Step 1: Create Working Directory
------------------------------------------------------------

toor@ip-172-31-10-219:~$ mkdir lab4_brace_globbing && cd lab4_brace_globbing

Prompt changes:
toor@ip-172-31-10-219:~/lab4_brace_globbing$


------------------------------------------------------------
Task 1: Brace Expansion Fundamentals
------------------------------------------------------------

Subtask 1.1: Basic Brace Expansion

toor@ip-172-31-10-219:~/lab4_brace_globbing$ echo file_{1..5}.txt

file_1.txt file_2.txt file_3.txt file_4.txt file_5.txt


Subtask 1.2: Create Multiple Files

toor@ip-172-31-10-219:~/lab4_brace_globbing$ touch report_{jan,feb,mar}_2023.log


Verification:

toor@ip-172-31-10-219:~/lab4_brace_globbing$ ls -l report_*.log

-rw-rw-r-- 1 toor toor 0 Feb 22 11:20 report_feb_2023.log
-rw-rw-r-- 1 toor toor 0 Feb 22 11:20 report_jan_2023.log
-rw-rw-r-- 1 toor toor 0 Feb 22 11:20 report_mar_2023.log


------------------------------------------------------------
Task 2: Globbing Patterns
------------------------------------------------------------

Subtask 2.1: Basic Globbing

List all .log files:

toor@ip-172-31-10-219:~/lab4_brace_globbing$ ls *.log

report_feb_2023.log
report_jan_2023.log
report_mar_2023.log


List files starting with "report":

toor@ip-172-31-10-219:~/lab4_brace_globbing$ ls report_*

report_feb_2023.log
report_jan_2023.log
report_mar_2023.log


Subtask 2.2: Advanced Pattern Matching

Match files with digits:

toor@ip-172-31-10-219:~/lab4_brace_globbing$ ls report_[0-9]*.log

ls: cannot access 'report_[0-9]*.log': No such file or directory


Match specific characters:

toor@ip-172-31-10-219:~/lab4_brace_globbing$ ls report_[abc]*.log

ls: cannot access 'report_[abc]*.log': No such file or directory


------------------------------------------------------------
Task 3: Combining Brace Expansion and Globbing
------------------------------------------------------------

Subtask 3.1: Complex File Operations

Create nested directory structure:

toor@ip-172-31-10-219:~/lab4_brace_globbing$ mkdir -p projects/{src,bin,doc}/{web,cli,api}_{dev,prod}


Verification:

toor@ip-172-31-10-219:~/lab4_brace_globbing$ tree projects/

projects/
├── bin
│   ├── api_dev
│   ├── api_prod
│   ├── cli_dev
│   ├── cli_prod
│   ├── web_dev
│   └── web_prod
├── doc
│   ├── api_dev
│   ├── api_prod
│   ├── cli_dev
│   ├── cli_prod
│   ├── web_dev
│   └── web_prod
└── src
    ├── api_dev
    ├── api_prod
    ├── cli_dev
    ├── cli_prod
    ├── web_dev
    └── web_prod

18 directories, 0 files


Subtask 3.2: Bulk File Operations

Create test files:

toor@ip-172-31-10-219:~/lab4_brace_globbing$ touch file_{a..d}{1..3}.tmp


Verify:

toor@ip-172-31-10-219:~/lab4_brace_globbing$ ls file_*.tmp

file_a1.tmp file_a2.tmp file_a3.tmp
file_b1.tmp file_b2.tmp file_b3.tmp
file_c1.tmp file_c2.tmp file_c3.tmp
file_d1.tmp file_d2.tmp file_d3.tmp


Create backup directory:

toor@ip-172-31-10-219:~/lab4_brace_globbing$ mkdir backup


Move specific files:

toor@ip-172-31-10-219:~/lab4_brace_globbing$ mv file_[a-b]?.tmp backup/


Verify moved files:

toor@ip-172-31-10-219:~/lab4_brace_globbing$ ls backup/

file_a1.tmp file_a2.tmp file_a3.tmp
file_b1.tmp file_b2.tmp file_b3.tmp


------------------------------------------------------------
Verification Exercise
------------------------------------------------------------

Create 10 test files:

toor@ip-172-31-10-219:~/lab4_brace_globbing$ touch data_{01..10}.txt


List files ending with even numbers:

toor@ip-172-31-10-219:~/lab4_brace_globbing$ ls data_*[02468].txt

data_02.txt data_04.txt data_06.txt data_08.txt data_10.txt


Copy files containing '1' or '3':

toor@ip-172-31-10-219:~/lab4_brace_globbing$ mkdir filtered
toor@ip-172-31-10-219:~/lab4_brace_globbing$ cp data_*[13].txt filtered/


Verify:

toor@ip-172-31-10-219:~/lab4_brace_globbing$ ls filtered/

data_01.txt data_03.txt


------------------------------------------------------------
Next Steps
------------------------------------------------------------

toor@ip-172-31-10-219:~/lab4_brace_globbing$ shopt -s extglob

(No output)


------------------------------------------------------------
Cleanup
------------------------------------------------------------

toor@ip-172-31-10-219:~/lab4_brace_globbing$ cd ..

toor@ip-172-31-10-219:~$ rm -rf lab4_brace_globbing


Verify:

toor@ip-172-31-10-219:~$ ls

Desktop  Documents


============================================================
End of Lab 24 Output
============================================================
